// Jest Snapshot v1, https://goo.gl/fbAQLP

exports[`Testing the Footer component: footer snapshot 1`] = `
<footer
  class="sc-guDLey lyUZs"
  data-testid="footer-element"
>
  <section
    class="sc-dmyCSP bZlFyv"
  >
    <div
      class="sc-hLQSwg iTwjgc"
    >
      <a
        class="sc-beySPh boPakf"
        href="#"
      >
        TermsPrivacyPolicy & Safety
      </a>
      <a
        class="sc-beySPh boPakf"
        href="#"
      >
        How YouTube works
      </a>
      <a
        class="sc-beySPh boPakf"
        href="#"
      >
        Test new features
      </a>
    </div>
    <div
      class="sc-hLQSwg iTwjgc"
    >
      <a
        class="sc-beySPh boPakf"
        href="#"
      >
        About
      </a>
      <a
        class="sc-beySPh boPakf"
        href="#"
      >
        Press
      </a>
      <a
        class="sc-beySPh boPakf"
        href="#"
      >
        Copyright
      </a>
      <a
        class="sc-beySPh boPakf"
        href="#"
      >
        Contact us
      </a>
      <a
        class="sc-beySPh boPakf"
        href="#"
      >
        Creators
      </a>
      <a
        class="sc-beySPh boPakf"
        href="#"
      >
        Advertise
      </a>
      <a
        class="sc-beySPh boPakf"
        href="#"
      >
        Developers
      </a>
    </div>
    <div
      class="sc-eDLKkx dhTFsk"
    >
      <a
        class="sc-beySPh boPakf"
        href="#"
      >
        <linkedin.svg />
      </a>
      <a
        class="sc-beySPh boPakf"
        href="#"
      >
        <facebook.svg />
      </a>
      <a
        class="sc-beySPh boPakf"
        href="#"
      >
        <instagram.svg />
      </a>
      <a
        class="sc-beySPh boPakf"
        href="#"
      >
        <twitter.svg />
      </a>
    </div>
  </section>
  <section
    class="sc-jTQCzO fIXjCO"
  >
    2023 Modsen company
  </section>
</footer>
`;
